[envato.musemaster.net/Elrumi-HTML/index-freelancer.html]
[maxcdn.bootstrapcdn.com/font-awesome/4.4.0/css/font-awesome.min.css]
[backblue.gif]
[fade.gif]
[index.html]
[envato.musemaster.net/Elrumi-HTML/images/ProfilePic.jpg]
[envato.musemaster.net/Elrumi-HTML/images/ProfilePic2.jpg]
[envato.musemaster.net/Elrumi-HTML/images/FeaturedWork-1.jpg]
[envato.musemaster.net/Elrumi-HTML/images/Portfolio/mix1.jpg]
[envato.musemaster.net/Elrumi-HTML/single-porfolio.html]
[envato.musemaster.net/Elrumi-HTML/images/Portfolio/mix2.jpg]
[envato.musemaster.net/Elrumi-HTML/images/Portfolio/mix3.jpg]
[envato.musemaster.net/Elrumi-HTML/images/Clients/Rightleft.png]
[envato.musemaster.net/Elrumi-HTML/images/Clients/EASTWEST.png]
[envato.musemaster.net/Elrumi-HTML/images/Clients/NORTHSOUTH.png]
[envato.musemaster.net/Elrumi-HTML/images/Clients/Frontback.png]
[envato.musemaster.net/Elrumi-HTML/images/Clients/Ladyboy.png]
[envato.musemaster.net/Elrumi-HTML/images/Clients/Skyearth.png]
[envato.musemaster.net/Elrumi-HTML/images/blog-post.jpg]
[envato.musemaster.net/Elrumi-HTML/images/twitter.png]
[envato.musemaster.net/Elrumi-HTML/js/jquery.js]
[envato.musemaster.net/Elrumi-HTML/js/bootstrap.min.js]
[envato.musemaster.net/Elrumi-HTML/js/custom.js]
[cdn.jsdelivr.net/jquery.mixitup/latest/jquery.mixitup.min.js]
[www.google-analytics.com/analytics.js]
[envato.musemaster.net/Elrumi-HTML/index-freelancer.html]
[envato.musemaster.net/Elrumi-HTML/fonts/glyphicons-halflings-regular.eot]
[envato.musemaster.net/Elrumi-HTML/fonts/glyphicons-halflings-regular.woff2]
[envato.musemaster.net/Elrumi-HTML/fonts/glyphicons-halflings-regulard41d.eot]
[envato.musemaster.net/Elrumi-HTML/fonts/glyphicons-halflings-regular.woff]
[envato.musemaster.net/Elrumi-HTML/fonts/glyphicons-halflings-regular.ttf]
[envato.musemaster.net/Elrumi-HTML/css/bootstrap.min.css]
[envato.musemaster.net/Elrumi-HTML/css/owl.carousel.css]
[envato.musemaster.net/Elrumi-HTML/css/owl.theme.css]
[maxcdn.bootstrapcdn.com/font-awesome/4.4.0/css/font-awesome.min.css]
[envato.musemaster.net/Elrumi-HTML/images/Hero-img.jpg]
[envato.musemaster.net/Elrumi-HTML/images/Fun-facts-img.jpg]
[envato.musemaster.net/Elrumi-HTML/images/testimonial-bg.jpg]
[envato.musemaster.net/Elrumi-HTML/images/portfolio-singer/Portfolio-Singer-bg.jpg]
[envato.musemaster.net/Elrumi-HTML/images/blog/blog-testimonials-bg.jpg]
[envato.musemaster.net/Elrumi-HTML/images/Img-Here3.jpg]
[envato.musemaster.net/Elrumi-HTML/images/testimonials-bg2.jpg]
[envato.musemaster.net/Elrumi-HTML/css/style.css]
[envato.musemaster.net/Elrumi-HTML/index.html]
[envato.musemaster.net/Elrumi-HTML/portfolio-grid.html]
[envato.musemaster.net/Elrumi-HTML/portfolio-masonary.html]
[envato.musemaster.net/Elrumi-HTML/blog.html]
[envato.musemaster.net/Elrumi-HTML/single-blog.html]
[envato.musemaster.net/Elrumi-HTML/images/portfolio-singer/attach-img.jpg]
[envato.musemaster.net/Elrumi-HTML/single-porfolio.html]
[envato.musemaster.net/Elrumi-HTML/fonts/glyphicons-halflings-regular.svg]
[envato.musemaster.net/Elrumi-HTML/images/about-img.jpg]
[envato.musemaster.net/Elrumi-HTML/images/Skills-pie/85.png]
[envato.musemaster.net/Elrumi-HTML/images/Skills-pie/100.png]
[envato.musemaster.net/Elrumi-HTML/images/Team/team-1.jpg]
[envato.musemaster.net/Elrumi-HTML/images/Team/team-2.jpg]
[envato.musemaster.net/Elrumi-HTML/images/Team/team-3.jpg]
[envato.musemaster.net/Elrumi-HTML/images/Portfolio/mix4.jpg]
[envato.musemaster.net/Elrumi-HTML/images/Portfolio/mix5.jpg]
[envato.musemaster.net/Elrumi-HTML/images/Portfolio/mix6.jpg]
[envato.musemaster.net/Elrumi-HTML/images/Portfolio/mix7.jpg]
[envato.musemaster.net/Elrumi-HTML/images/Portfolio/mix8.jpg]
[envato.musemaster.net/Elrumi-HTML/index.html]
[envato.musemaster.net/Elrumi-HTML/portfolio-grid.html]
[envato.musemaster.net/Elrumi-HTML/portfolio-masonary.html]
[envato.musemaster.net/Elrumi-HTML/images/blog/blog-video.jpg]
[envato.musemaster.net/Elrumi-HTML/blog.html]
[envato.musemaster.net/Elrumi-HTML/images/blog/blog-comment-img1.jpg]
[envato.musemaster.net/Elrumi-HTML/images/blog/blog-comment-img2.jpg]
[envato.musemaster.net/Elrumi-HTML/images/blog/blog-comment-img3.jpg]
[envato.musemaster.net/Elrumi-HTML/single-blog.html]
[envato.musemaster.net/Elrumi-HTML/css/grabbing.html]
[envato.musemaster.net/Elrumi-HTML/css/AjaxLoader.html]
